stm32l4xx_hal_can.c:274:19:HAL_CAN_Init	24	static
stm32l4xx_hal_can.c:433:19:HAL_CAN_DeInit	16	static
stm32l4xx_hal_can.c:478:13:HAL_CAN_MspInit	16	static
stm32l4xx_hal_can.c:493:13:HAL_CAN_MspDeInit	16	static
stm32l4xx_hal_can.c:808:19:HAL_CAN_ConfigFilter	32	static
stm32l4xx_hal_can.c:971:19:HAL_CAN_Start	24	static
stm32l4xx_hal_can.c:1017:19:HAL_CAN_Stop	24	static
stm32l4xx_hal_can.c:1066:19:HAL_CAN_RequestSleep	24	static
stm32l4xx_hal_can.c:1092:19:HAL_CAN_WakeUp	32	static
stm32l4xx_hal_can.c:1133:10:HAL_CAN_IsSleepActive	24	static
stm32l4xx_hal_can.c:1160:19:HAL_CAN_AddTxMessage	40	static
stm32l4xx_hal_can.c:1248:19:HAL_CAN_AbortTxRequest	24	static
stm32l4xx_hal_can.c:1290:10:HAL_CAN_GetTxMailboxesFreeLevel	24	static
stm32l4xx_hal_can.c:1327:10:HAL_CAN_IsTxMessagePending	24	static
stm32l4xx_hal_can.c:1357:10:HAL_CAN_GetTxTimestamp	40	static,ignoring_inline_asm
stm32l4xx_hal_can.c:1389:19:HAL_CAN_GetRxMessage	32	static
stm32l4xx_hal_can.c:1495:10:HAL_CAN_GetRxFifoFillLevel	24	static
stm32l4xx_hal_can.c:1543:19:HAL_CAN_ActivateNotification	24	static
stm32l4xx_hal_can.c:1572:19:HAL_CAN_DeactivateNotification	24	static
stm32l4xx_hal_can.c:1599:6:HAL_CAN_IRQHandler	48	static
stm32l4xx_hal_can.c:1957:13:HAL_CAN_TxMailbox0CompleteCallback	16	static
stm32l4xx_hal_can.c:1973:13:HAL_CAN_TxMailbox1CompleteCallback	16	static
stm32l4xx_hal_can.c:1989:13:HAL_CAN_TxMailbox2CompleteCallback	16	static
stm32l4xx_hal_can.c:2005:13:HAL_CAN_TxMailbox0AbortCallback	16	static
stm32l4xx_hal_can.c:2021:13:HAL_CAN_TxMailbox1AbortCallback	16	static
stm32l4xx_hal_can.c:2037:13:HAL_CAN_TxMailbox2AbortCallback	16	static
stm32l4xx_hal_can.c:2053:13:HAL_CAN_RxFifo0MsgPendingCallback	16	static
stm32l4xx_hal_can.c:2069:13:HAL_CAN_RxFifo0FullCallback	16	static
stm32l4xx_hal_can.c:2085:13:HAL_CAN_RxFifo1MsgPendingCallback	16	static
stm32l4xx_hal_can.c:2101:13:HAL_CAN_RxFifo1FullCallback	16	static
stm32l4xx_hal_can.c:2117:13:HAL_CAN_SleepCallback	16	static
stm32l4xx_hal_can.c:2132:13:HAL_CAN_WakeUpFromRxMsgCallback	16	static
stm32l4xx_hal_can.c:2148:13:HAL_CAN_ErrorCallback	16	static
stm32l4xx_hal_can.c:2184:22:HAL_CAN_GetState	24	static
stm32l4xx_hal_can.c:2212:10:HAL_CAN_GetError	16	static
stm32l4xx_hal_can.c:2223:19:HAL_CAN_ResetError	24	static
