stm32l4xx_hal_tim.c:270:19:HAL_TIM_Base_Init	16	static
stm32l4xx_hal_tim.c:319:19:HAL_TIM_Base_DeInit	16	static
stm32l4xx_hal_tim.c:354:13:HAL_TIM_Base_MspInit	16	static
stm32l4xx_hal_tim.c:368:13:HAL_TIM_Base_MspDeInit	16	static
stm32l4xx_hal_tim.c:382:19:HAL_TIM_Base_Start	24	static
stm32l4xx_hal_tim.c:409:19:HAL_TIM_Base_Stop	16	static
stm32l4xx_hal_tim.c:431:19:HAL_TIM_Base_Start_IT	24	static
stm32l4xx_hal_tim.c:455:19:HAL_TIM_Base_Stop_IT	16	static
stm32l4xx_hal_tim.c:475:19:HAL_TIM_Base_Start_DMA	32	static
stm32l4xx_hal_tim.c:526:19:HAL_TIM_Base_Stop_DMA	16	static
stm32l4xx_hal_tim.c:580:19:HAL_TIM_OC_Init	16	static
stm32l4xx_hal_tim.c:629:19:HAL_TIM_OC_DeInit	16	static
stm32l4xx_hal_tim.c:664:13:HAL_TIM_OC_MspInit	16	static
stm32l4xx_hal_tim.c:678:13:HAL_TIM_OC_MspDeInit	16	static
stm32l4xx_hal_tim.c:700:19:HAL_TIM_OC_Start	24	static
stm32l4xx_hal_tim.c:737:19:HAL_TIM_OC_Stop	16	static
stm32l4xx_hal_tim.c:767:19:HAL_TIM_OC_Start_IT	24	static
stm32l4xx_hal_tim.c:831:19:HAL_TIM_OC_Stop_IT	16	static
stm32l4xx_hal_tim.c:892:19:HAL_TIM_OC_Start_DMA	32	static
stm32l4xx_hal_tim.c:1023:19:HAL_TIM_OC_Stop_DMA	16	static
stm32l4xx_hal_tim.c:1113:19:HAL_TIM_PWM_Init	16	static
stm32l4xx_hal_tim.c:1162:19:HAL_TIM_PWM_DeInit	16	static
stm32l4xx_hal_tim.c:1197:13:HAL_TIM_PWM_MspInit	16	static
stm32l4xx_hal_tim.c:1211:13:HAL_TIM_PWM_MspDeInit	16	static
stm32l4xx_hal_tim.c:1233:19:HAL_TIM_PWM_Start	24	static
stm32l4xx_hal_tim.c:1270:19:HAL_TIM_PWM_Stop	16	static
stm32l4xx_hal_tim.c:1303:19:HAL_TIM_PWM_Start_IT	24	static
stm32l4xx_hal_tim.c:1367:19:HAL_TIM_PWM_Stop_IT	16	static
stm32l4xx_hal_tim.c:1428:19:HAL_TIM_PWM_Start_DMA	32	static
stm32l4xx_hal_tim.c:1558:19:HAL_TIM_PWM_Stop_DMA	16	static
stm32l4xx_hal_tim.c:1649:19:HAL_TIM_IC_Init	16	static
stm32l4xx_hal_tim.c:1698:19:HAL_TIM_IC_DeInit	16	static
stm32l4xx_hal_tim.c:1733:13:HAL_TIM_IC_MspInit	16	static
stm32l4xx_hal_tim.c:1747:13:HAL_TIM_IC_MspDeInit	16	static
stm32l4xx_hal_tim.c:1767:19:HAL_TIM_IC_Start	24	static
stm32l4xx_hal_tim.c:1797:19:HAL_TIM_IC_Stop	16	static
stm32l4xx_hal_tim.c:1822:19:HAL_TIM_IC_Start_IT	24	static
stm32l4xx_hal_tim.c:1880:19:HAL_TIM_IC_Stop_IT	16	static
stm32l4xx_hal_tim.c:1936:19:HAL_TIM_IC_Start_DMA	32	static
stm32l4xx_hal_tim.c:2065:19:HAL_TIM_IC_Stop_DMA	16	static
stm32l4xx_hal_tim.c:2154:19:HAL_TIM_OnePulse_Init	16	static
stm32l4xx_hal_tim.c:2211:19:HAL_TIM_OnePulse_DeInit	16	static
stm32l4xx_hal_tim.c:2246:13:HAL_TIM_OnePulse_MspInit	16	static
stm32l4xx_hal_tim.c:2260:13:HAL_TIM_OnePulse_MspDeInit	16	static
stm32l4xx_hal_tim.c:2278:19:HAL_TIM_OnePulse_Start	16	static
stm32l4xx_hal_tim.c:2313:19:HAL_TIM_OnePulse_Stop	16	static
stm32l4xx_hal_tim.c:2348:19:HAL_TIM_OnePulse_Start_IT	16	static
stm32l4xx_hal_tim.c:2389:19:HAL_TIM_OnePulse_Stop_IT	16	static
stm32l4xx_hal_tim.c:2458:19:HAL_TIM_Encoder_Init	32	static
stm32l4xx_hal_tim.c:2560:19:HAL_TIM_Encoder_DeInit	16	static
stm32l4xx_hal_tim.c:2595:13:HAL_TIM_Encoder_MspInit	16	static
stm32l4xx_hal_tim.c:2609:13:HAL_TIM_Encoder_MspDeInit	16	static
stm32l4xx_hal_tim.c:2628:19:HAL_TIM_Encoder_Start	16	static
stm32l4xx_hal_tim.c:2668:19:HAL_TIM_Encoder_Stop	16	static
stm32l4xx_hal_tim.c:2710:19:HAL_TIM_Encoder_Start_IT	16	static
stm32l4xx_hal_tim.c:2756:19:HAL_TIM_Encoder_Stop_IT	16	static
stm32l4xx_hal_tim.c:2805:19:HAL_TIM_Encoder_Start_DMA	24	static
stm32l4xx_hal_tim.c:2935:19:HAL_TIM_Encoder_Stop_DMA	16	static
stm32l4xx_hal_tim.c:2996:6:HAL_TIM_IRQHandler	16	static
stm32l4xx_hal_tim.c:3199:19:HAL_TIM_OC_ConfigChannel	24	static
stm32l4xx_hal_tim.c:3290:19:HAL_TIM_IC_ConfigChannel	24	static
stm32l4xx_hal_tim.c:3374:19:HAL_TIM_PWM_ConfigChannel	24	static
stm32l4xx_hal_tim.c:3510:19:HAL_TIM_OnePulse_ConfigChannel	56	static
stm32l4xx_hal_tim.c:3646:19:HAL_TIM_DMABurst_WriteStart	24	static
stm32l4xx_hal_tim.c:3809:19:HAL_TIM_DMABurst_WriteStop	24	static
stm32l4xx_hal_tim.c:3902:19:HAL_TIM_DMABurst_ReadStart	24	static
stm32l4xx_hal_tim.c:4066:19:HAL_TIM_DMABurst_ReadStop	24	static
stm32l4xx_hal_tim.c:4136:19:HAL_TIM_GenerateEvent	16	static
stm32l4xx_hal_tim.c:4175:19:HAL_TIM_ConfigOCrefClear	24	static
stm32l4xx_hal_tim.c:4309:19:HAL_TIM_ConfigClockSource	24	static
stm32l4xx_hal_tim.c:4451:19:HAL_TIM_ConfigTI1Input	24	static
stm32l4xx_hal_tim.c:4483:19:HAL_TIM_SlaveConfigSynchro	16	static
stm32l4xx_hal_tim.c:4522:19:HAL_TIM_SlaveConfigSynchro_IT	16	static
stm32l4xx_hal_tim.c:4563:10:HAL_TIM_ReadCapturedValue	24	static
stm32l4xx_hal_tim.c:4641:13:HAL_TIM_PeriodElapsedCallback	16	static
stm32l4xx_hal_tim.c:4655:13:HAL_TIM_PeriodElapsedHalfCpltCallback	16	static
stm32l4xx_hal_tim.c:4669:13:HAL_TIM_OC_DelayElapsedCallback	16	static
stm32l4xx_hal_tim.c:4683:13:HAL_TIM_IC_CaptureCallback	16	static
stm32l4xx_hal_tim.c:4697:13:HAL_TIM_IC_CaptureHalfCpltCallback	16	static
stm32l4xx_hal_tim.c:4711:13:HAL_TIM_PWM_PulseFinishedCallback	16	static
stm32l4xx_hal_tim.c:4725:13:HAL_TIM_PWM_PulseFinishedHalfCpltCallback	16	static
stm32l4xx_hal_tim.c:4739:13:HAL_TIM_TriggerCallback	16	static
stm32l4xx_hal_tim.c:4753:13:HAL_TIM_TriggerHalfCpltCallback	16	static
stm32l4xx_hal_tim.c:4767:13:HAL_TIM_ErrorCallback	16	static
stm32l4xx_hal_tim.c:5293:22:HAL_TIM_Base_GetState	16	static
stm32l4xx_hal_tim.c:5302:22:HAL_TIM_OC_GetState	16	static
stm32l4xx_hal_tim.c:5311:22:HAL_TIM_PWM_GetState	16	static
stm32l4xx_hal_tim.c:5320:22:HAL_TIM_IC_GetState	16	static
stm32l4xx_hal_tim.c:5329:22:HAL_TIM_OnePulse_GetState	16	static
stm32l4xx_hal_tim.c:5338:22:HAL_TIM_Encoder_GetState	16	static
stm32l4xx_hal_tim.c:5359:6:TIM_DMAError	24	static
stm32l4xx_hal_tim.c:5377:6:TIM_DMADelayPulseCplt	24	static
stm32l4xx_hal_tim.c:5409:6:TIM_DMADelayPulseHalfCplt	24	static
stm32l4xx_hal_tim.c:5441:6:TIM_DMACaptureCplt	24	static
stm32l4xx_hal_tim.c:5473:6:TIM_DMACaptureHalfCplt	24	static
stm32l4xx_hal_tim.c:5505:13:TIM_DMAPeriodElapsedCplt	24	static
stm32l4xx_hal_tim.c:5523:13:TIM_DMAPeriodElapsedHalfCplt	24	static
stm32l4xx_hal_tim.c:5541:13:TIM_DMATriggerCplt	24	static
stm32l4xx_hal_tim.c:5559:13:TIM_DMATriggerHalfCplt	24	static
stm32l4xx_hal_tim.c:5578:6:TIM_Base_SetConfig	24	static
stm32l4xx_hal_tim.c:5622:13:TIM_OC1_SetConfig	32	static
stm32l4xx_hal_tim.c:5694:6:TIM_OC2_SetConfig	32	static
stm32l4xx_hal_tim.c:5767:13:TIM_OC3_SetConfig	32	static
stm32l4xx_hal_tim.c:5838:13:TIM_OC4_SetConfig	32	static
stm32l4xx_hal_tim.c:5896:13:TIM_OC5_SetConfig	32	static
stm32l4xx_hal_tim.c:5946:13:TIM_OC6_SetConfig	32	static
stm32l4xx_hal_tim.c:5997:26:TIM_SlaveTimer_SetConfig	32	static
stm32l4xx_hal_tim.c:6116:6:TIM_TI1_SetConfig	32	static
stm32l4xx_hal_tim.c:6159:13:TIM_TI1_ConfigInputStage	32	static
stm32l4xx_hal_tim.c:6202:13:TIM_TI2_SetConfig	32	static
stm32l4xx_hal_tim.c:6241:13:TIM_TI2_ConfigInputStage	32	static
stm32l4xx_hal_tim.c:6284:13:TIM_TI3_SetConfig	32	static
stm32l4xx_hal_tim.c:6331:13:TIM_TI4_SetConfig	32	static
stm32l4xx_hal_tim.c:6373:13:TIM_ITRx_SetConfig	24	static
stm32l4xx_hal_tim.c:6402:6:TIM_ETR_SetConfig	32	static
stm32l4xx_hal_tim.c:6434:6:TIM_CCxChannelCmd	32	static
