stm32l4xx_hal_rcc_ex.c:199:19:HAL_RCCEx_PeriphCLKConfig	32	static
stm32l4xx_hal_rcc_ex.c:809:6:HAL_RCCEx_GetPeriphCLKConfig	16	static
stm32l4xx_hal_rcc_ex.c:1155:10:HAL_RCCEx_GetPeriphCLKFreq	40	static
stm32l4xx_hal_rcc_ex.c:2016:19:HAL_RCCEx_EnablePLLSAI1	24	static
stm32l4xx_hal_rcc_ex.c:2079:19:HAL_RCCEx_DisablePLLSAI1	16	static
stm32l4xx_hal_rcc_ex.c:2126:19:HAL_RCCEx_EnablePLLSAI2	24	static
stm32l4xx_hal_rcc_ex.c:2199:19:HAL_RCCEx_DisablePLLSAI2	16	static
stm32l4xx_hal_rcc_ex.c:2245:6:HAL_RCCEx_WakeUpStopCLKConfig	16	static
stm32l4xx_hal_rcc_ex.c:2262:6:HAL_RCCEx_StandbyMSIRangeConfig	16	static
stm32l4xx_hal_rcc_ex.c:2275:6:HAL_RCCEx_EnableLSECSS	4	static
stm32l4xx_hal_rcc_ex.c:2284:6:HAL_RCCEx_DisableLSECSS	4	static
stm32l4xx_hal_rcc_ex.c:2296:6:HAL_RCCEx_EnableLSECSS_IT	4	static
stm32l4xx_hal_rcc_ex.c:2312:6:HAL_RCCEx_LSECSS_IRQHandler	8	static
stm32l4xx_hal_rcc_ex.c:2327:13:HAL_RCCEx_LSECSS_Callback	4	static
stm32l4xx_hal_rcc_ex.c:2341:6:HAL_RCCEx_EnableLSCO	48	static
stm32l4xx_hal_rcc_ex.c:2386:6:HAL_RCCEx_DisableLSCO	16	static
stm32l4xx_hal_rcc_ex.c:2420:6:HAL_RCCEx_EnableMSIPLLMode	4	static
stm32l4xx_hal_rcc_ex.c:2429:6:HAL_RCCEx_DisableMSIPLLMode	4	static
stm32l4xx_hal_rcc_ex.c:2816:26:RCCEx_PLLSAI1_Config	24	static
stm32l4xx_hal_rcc_ex.c:2996:26:RCCEx_PLLSAI2_Config	24	static
stm32l4xx_hal_rcc_ex.c:3172:17:RCCEx_GetSAIxPeriphCLKFreq	40	static
