stm32l4xx_hal_pwr_ex.c:110:10:HAL_PWREx_GetVoltageRange	4	static
stm32l4xx_hal_pwr_ex.c:156:19:HAL_PWREx_ControlVoltageScaling	24	static
stm32l4xx_hal_pwr_ex.c:268:6:HAL_PWREx_EnableBatteryCharging	16	static
stm32l4xx_hal_pwr_ex.c:282:6:HAL_PWREx_DisableBatteryCharging	4	static
stm32l4xx_hal_pwr_ex.c:292:6:HAL_PWREx_EnableVddUSB	4	static
stm32l4xx_hal_pwr_ex.c:300:6:HAL_PWREx_DisableVddUSB	4	static
stm32l4xx_hal_pwr_ex.c:311:6:HAL_PWREx_EnableVddIO2	4	static
stm32l4xx_hal_pwr_ex.c:319:6:HAL_PWREx_DisableVddIO2	4	static
stm32l4xx_hal_pwr_ex.c:328:6:HAL_PWREx_EnableInternalWakeUpLine	4	static
stm32l4xx_hal_pwr_ex.c:336:6:HAL_PWREx_DisableInternalWakeUpLine	4	static
stm32l4xx_hal_pwr_ex.c:361:19:HAL_PWREx_EnableGPIOPullUp	24	static
stm32l4xx_hal_pwr_ex.c:442:19:HAL_PWREx_DisableGPIOPullUp	24	static
stm32l4xx_hal_pwr_ex.c:516:19:HAL_PWREx_EnableGPIOPullDown	24	static
stm32l4xx_hal_pwr_ex.c:598:19:HAL_PWREx_DisableGPIOPullDown	24	static
stm32l4xx_hal_pwr_ex.c:666:6:HAL_PWREx_EnablePullUpPullDownConfig	4	static
stm32l4xx_hal_pwr_ex.c:676:6:HAL_PWREx_DisablePullUpPullDownConfig	4	static
stm32l4xx_hal_pwr_ex.c:686:6:HAL_PWREx_EnableSRAM2ContentRetention	4	static
stm32l4xx_hal_pwr_ex.c:696:6:HAL_PWREx_DisableSRAM2ContentRetention	4	static
stm32l4xx_hal_pwr_ex.c:799:6:HAL_PWREx_EnablePVM1	4	static
stm32l4xx_hal_pwr_ex.c:807:6:HAL_PWREx_DisablePVM1	4	static
stm32l4xx_hal_pwr_ex.c:817:6:HAL_PWREx_EnablePVM2	4	static
stm32l4xx_hal_pwr_ex.c:825:6:HAL_PWREx_DisablePVM2	4	static
stm32l4xx_hal_pwr_ex.c:834:6:HAL_PWREx_EnablePVM3	4	static
stm32l4xx_hal_pwr_ex.c:842:6:HAL_PWREx_DisablePVM3	4	static
stm32l4xx_hal_pwr_ex.c:850:6:HAL_PWREx_EnablePVM4	4	static
stm32l4xx_hal_pwr_ex.c:858:6:HAL_PWREx_DisablePVM4	4	static
stm32l4xx_hal_pwr_ex.c:874:19:HAL_PWREx_ConfigPVM	24	static
stm32l4xx_hal_pwr_ex.c:1015:6:HAL_PWREx_EnableLowPowerRunMode	4	static
stm32l4xx_hal_pwr_ex.c:1028:19:HAL_PWREx_DisableLowPowerRunMode	16	static
stm32l4xx_hal_pwr_ex.c:1069:6:HAL_PWREx_EnterSTOP0Mode	16	static,ignoring_inline_asm
stm32l4xx_hal_pwr_ex.c:1115:6:HAL_PWREx_EnterSTOP1Mode	16	static,ignoring_inline_asm
stm32l4xx_hal_pwr_ex.c:1162:6:HAL_PWREx_EnterSTOP2Mode	16	static,ignoring_inline_asm
stm32l4xx_hal_pwr_ex.c:1196:6:HAL_PWREx_EnterSHUTDOWNMode	4	static,ignoring_inline_asm
stm32l4xx_hal_pwr_ex.c:1217:6:HAL_PWREx_PVD_PVM_IRQHandler	8	static
stm32l4xx_hal_pwr_ex.c:1266:13:HAL_PWREx_PVM1Callback	4	static
stm32l4xx_hal_pwr_ex.c:1278:13:HAL_PWREx_PVM2Callback	4	static
stm32l4xx_hal_pwr_ex.c:1289:13:HAL_PWREx_PVM3Callback	4	static
stm32l4xx_hal_pwr_ex.c:1299:13:HAL_PWREx_PVM4Callback	4	static
